Archive member included to satisfy reference by file (symbol)

g:/new folder/stm32cubeide_1.6.0/stm32cubeide/plugins/com.st.stm32cube.ide.mcu.externaltools.gnu-tools-for-stm32.9-2020-q2-update.win32_1.5.0.202011040924/tools/bin/../lib/gcc/arm-none-eabi/9.3.1/../../../../arm-none-eabi/lib/thumb/v7e-m+fp/hard\libc_nano.a(lib_a-errno.o)
                              Src/syscalls.o (__errno)
g:/new folder/stm32cubeide_1.6.0/stm32cubeide/plugins/com.st.stm32cube.ide.mcu.externaltools.gnu-tools-for-stm32.9-2020-q2-update.win32_1.5.0.202011040924/tools/bin/../lib/gcc/arm-none-eabi/9.3.1/../../../../arm-none-eabi/lib/thumb/v7e-m+fp/hard\libc_nano.a(lib_a-exit.o)
                              g:/new folder/stm32cubeide_1.6.0/stm32cubeide/plugins/com.st.stm32cube.ide.mcu.externaltools.gnu-tools-for-stm32.9-2020-q2-update.win32_1.5.0.202011040924/tools/bin/../lib/gcc/arm-none-eabi/9.3.1/../../../../arm-none-eabi/lib/thumb/v7e-m+fp/hard/crt0.o (exit)
g:/new folder/stm32cubeide_1.6.0/stm32cubeide/plugins/com.st.stm32cube.ide.mcu.externaltools.gnu-tools-for-stm32.9-2020-q2-update.win32_1.5.0.202011040924/tools/bin/../lib/gcc/arm-none-eabi/9.3.1/../../../../arm-none-eabi/lib/thumb/v7e-m+fp/hard\libc_nano.a(lib_a-impure.o)
                              g:/new folder/stm32cubeide_1.6.0/stm32cubeide/plugins/com.st.stm32cube.ide.mcu.externaltools.gnu-tools-for-stm32.9-2020-q2-update.win32_1.5.0.202011040924/tools/bin/../lib/gcc/arm-none-eabi/9.3.1/../../../../arm-none-eabi/lib/thumb/v7e-m+fp/hard\libc_nano.a(lib_a-exit.o) (_global_impure_ptr)
g:/new folder/stm32cubeide_1.6.0/stm32cubeide/plugins/com.st.stm32cube.ide.mcu.externaltools.gnu-tools-for-stm32.9-2020-q2-update.win32_1.5.0.202011040924/tools/bin/../lib/gcc/arm-none-eabi/9.3.1/../../../../arm-none-eabi/lib/thumb/v7e-m+fp/hard\libc_nano.a(lib_a-init.o)
                              g:/new folder/stm32cubeide_1.6.0/stm32cubeide/plugins/com.st.stm32cube.ide.mcu.externaltools.gnu-tools-for-stm32.9-2020-q2-update.win32_1.5.0.202011040924/tools/bin/../lib/gcc/arm-none-eabi/9.3.1/../../../../arm-none-eabi/lib/thumb/v7e-m+fp/hard/crt0.o (__libc_init_array)
g:/new folder/stm32cubeide_1.6.0/stm32cubeide/plugins/com.st.stm32cube.ide.mcu.externaltools.gnu-tools-for-stm32.9-2020-q2-update.win32_1.5.0.202011040924/tools/bin/../lib/gcc/arm-none-eabi/9.3.1/../../../../arm-none-eabi/lib/thumb/v7e-m+fp/hard\libc_nano.a(lib_a-memset.o)
                              g:/new folder/stm32cubeide_1.6.0/stm32cubeide/plugins/com.st.stm32cube.ide.mcu.externaltools.gnu-tools-for-stm32.9-2020-q2-update.win32_1.5.0.202011040924/tools/bin/../lib/gcc/arm-none-eabi/9.3.1/../../../../arm-none-eabi/lib/thumb/v7e-m+fp/hard/crt0.o (memset)

Discarded input sections

 .text          0x0000000000000000        0x0 g:/new folder/stm32cubeide_1.6.0/stm32cubeide/plugins/com.st.stm32cube.ide.mcu.externaltools.gnu-tools-for-stm32.9-2020-q2-update.win32_1.5.0.202011040924/tools/bin/../lib/gcc/arm-none-eabi/9.3.1/thumb/v7e-m+fp/hard/crti.o
 .data          0x0000000000000000        0x0 g:/new folder/stm32cubeide_1.6.0/stm32cubeide/plugins/com.st.stm32cube.ide.mcu.externaltools.gnu-tools-for-stm32.9-2020-q2-update.win32_1.5.0.202011040924/tools/bin/../lib/gcc/arm-none-eabi/9.3.1/thumb/v7e-m+fp/hard/crti.o
 .bss           0x0000000000000000        0x0 g:/new folder/stm32cubeide_1.6.0/stm32cubeide/plugins/com.st.stm32cube.ide.mcu.externaltools.gnu-tools-for-stm32.9-2020-q2-update.win32_1.5.0.202011040924/tools/bin/../lib/gcc/arm-none-eabi/9.3.1/thumb/v7e-m+fp/hard/crti.o
 .data          0x0000000000000000        0x4 g:/new folder/stm32cubeide_1.6.0/stm32cubeide/plugins/com.st.stm32cube.ide.mcu.externaltools.gnu-tools-for-stm32.9-2020-q2-update.win32_1.5.0.202011040924/tools/bin/../lib/gcc/arm-none-eabi/9.3.1/thumb/v7e-m+fp/hard/crtbegin.o
 .text          0x0000000000000000       0x7c g:/new folder/stm32cubeide_1.6.0/stm32cubeide/plugins/com.st.stm32cube.ide.mcu.externaltools.gnu-tools-for-stm32.9-2020-q2-update.win32_1.5.0.202011040924/tools/bin/../lib/gcc/arm-none-eabi/9.3.1/../../../../arm-none-eabi/lib/thumb/v7e-m+fp/hard/crt0.o
 .data          0x0000000000000000        0x0 g:/new folder/stm32cubeide_1.6.0/stm32cubeide/plugins/com.st.stm32cube.ide.mcu.externaltools.gnu-tools-for-stm32.9-2020-q2-update.win32_1.5.0.202011040924/tools/bin/../lib/gcc/arm-none-eabi/9.3.1/../../../../arm-none-eabi/lib/thumb/v7e-m+fp/hard/crt0.o
 .bss           0x0000000000000000        0x0 g:/new folder/stm32cubeide_1.6.0/stm32cubeide/plugins/com.st.stm32cube.ide.mcu.externaltools.gnu-tools-for-stm32.9-2020-q2-update.win32_1.5.0.202011040924/tools/bin/../lib/gcc/arm-none-eabi/9.3.1/../../../../arm-none-eabi/lib/thumb/v7e-m+fp/hard/crt0.o
 .ARM.extab     0x0000000000000000        0x0 g:/new folder/stm32cubeide_1.6.0/stm32cubeide/plugins/com.st.stm32cube.ide.mcu.externaltools.gnu-tools-for-stm32.9-2020-q2-update.win32_1.5.0.202011040924/tools/bin/../lib/gcc/arm-none-eabi/9.3.1/../../../../arm-none-eabi/lib/thumb/v7e-m+fp/hard/crt0.o
 .ARM.exidx     0x0000000000000000       0x10 g:/new folder/stm32cubeide_1.6.0/stm32cubeide/plugins/com.st.stm32cube.ide.mcu.externaltools.gnu-tools-for-stm32.9-2020-q2-update.win32_1.5.0.202011040924/tools/bin/../lib/gcc/arm-none-eabi/9.3.1/../../../../arm-none-eabi/lib/thumb/v7e-m+fp/hard/crt0.o
 .ARM.attributes
                0x0000000000000000       0x1c g:/new folder/stm32cubeide_1.6.0/stm32cubeide/plugins/com.st.stm32cube.ide.mcu.externaltools.gnu-tools-for-stm32.9-2020-q2-update.win32_1.5.0.202011040924/tools/bin/../lib/gcc/arm-none-eabi/9.3.1/../../../../arm-none-eabi/lib/thumb/v7e-m+fp/hard/crt0.o
 .group         0x0000000000000000        0xc Src/GPIO_Program.o
 .group         0x0000000000000000        0xc Src/GPIO_Program.o
 .group         0x0000000000000000        0xc Src/GPIO_Program.o
 .group         0x0000000000000000        0xc Src/GPIO_Program.o
 .group         0x0000000000000000        0xc Src/GPIO_Program.o
 .text          0x0000000000000000        0x0 Src/GPIO_Program.o
 .data          0x0000000000000000        0x0 Src/GPIO_Program.o
 .bss           0x0000000000000000        0x0 Src/GPIO_Program.o
 .text.GPIO_void_setPin_value
                0x0000000000000000      0x1a8 Src/GPIO_Program.o
 .text.GPIO_PIN_VALUE_getPin_value
                0x0000000000000000       0xd4 Src/GPIO_Program.o
 .text.LOCK_PIN_CONFIG
                0x0000000000000000      0x1a8 Src/GPIO_Program.o
 .group         0x0000000000000000        0xc Src/RCC_prog.o
 .group         0x0000000000000000        0xc Src/RCC_prog.o
 .group         0x0000000000000000        0xc Src/RCC_prog.o
 .group         0x0000000000000000        0xc Src/RCC_prog.o
 .group         0x0000000000000000        0xc Src/RCC_prog.o
 .text          0x0000000000000000        0x0 Src/RCC_prog.o
 .data          0x0000000000000000        0x0 Src/RCC_prog.o
 .bss           0x0000000000000000        0x0 Src/RCC_prog.o
 .text.RCC_voidDisablePeripheralCLK
                0x0000000000000000       0xa8 Src/RCC_prog.o
 .debug_macro   0x0000000000000000      0xaae Src/RCC_prog.o
 .debug_macro   0x0000000000000000       0x46 Src/RCC_prog.o
 .group         0x0000000000000000        0xc Src/keypad.o
 .group         0x0000000000000000        0xc Src/keypad.o
 .group         0x0000000000000000        0xc Src/keypad.o
 .group         0x0000000000000000        0xc Src/keypad.o
 .group         0x0000000000000000        0xc Src/keypad.o
 .group         0x0000000000000000        0xc Src/keypad.o
 .text          0x0000000000000000        0x0 Src/keypad.o
 .data          0x0000000000000000        0x0 Src/keypad.o
 .bss           0x0000000000000000        0x0 Src/keypad.o
 .debug_macro   0x0000000000000000      0xaae Src/keypad.o
 .debug_macro   0x0000000000000000       0x46 Src/keypad.o
 .debug_macro   0x0000000000000000       0x16 Src/keypad.o
 .debug_macro   0x0000000000000000      0x1ba Src/keypad.o
 .group         0x0000000000000000        0xc Src/main.o
 .group         0x0000000000000000        0xc Src/main.o
 .group         0x0000000000000000        0xc Src/main.o
 .group         0x0000000000000000        0xc Src/main.o
 .group         0x0000000000000000        0xc Src/main.o
 .group         0x0000000000000000        0xc Src/main.o
 .group         0x0000000000000000        0xc Src/main.o
 .group         0x0000000000000000        0xc Src/main.o
 .group         0x0000000000000000        0xc Src/main.o
 .group         0x0000000000000000        0xc Src/main.o
 .group         0x0000000000000000        0xc Src/main.o
 .group         0x0000000000000000        0xc Src/main.o
 .text          0x0000000000000000        0x0 Src/main.o
 .data          0x0000000000000000        0x0 Src/main.o
 .bss           0x0000000000000000        0x0 Src/main.o
 .debug_macro   0x0000000000000000      0xaae Src/main.o
 .debug_macro   0x0000000000000000       0x16 Src/main.o
 .debug_macro   0x0000000000000000       0x46 Src/main.o
 .debug_macro   0x0000000000000000       0xe8 Src/main.o
 .debug_macro   0x0000000000000000       0x6a Src/main.o
 .debug_macro   0x0000000000000000       0x1c Src/main.o
 .group         0x0000000000000000        0xc Src/syscalls.o
 .group         0x0000000000000000        0xc Src/syscalls.o
 .group         0x0000000000000000        0xc Src/syscalls.o
 .group         0x0000000000000000        0xc Src/syscalls.o
 .group         0x0000000000000000        0xc Src/syscalls.o
 .group         0x0000000000000000        0xc Src/syscalls.o
 .group         0x0000000000000000        0xc Src/syscalls.o
 .group         0x0000000000000000        0xc Src/syscalls.o
 .group         0x0000000000000000        0xc Src/syscalls.o
 .group         0x0000000000000000        0xc Src/syscalls.o
 .group         0x0000000000000000        0xc Src/syscalls.o
 .group         0x0000000000000000        0xc Src/syscalls.o
 .group         0x0000000000000000        0xc Src/syscalls.o
 .group         0x0000000000000000        0xc Src/syscalls.o
 .group         0x0000000000000000        0xc Src/syscalls.o
 .group         0x0000000000000000        0xc Src/syscalls.o
 .group         0x0000000000000000        0xc Src/syscalls.o
 .group         0x0000000000000000        0xc Src/syscalls.o
 .group         0x0000000000000000        0xc Src/syscalls.o
 .group         0x0000000000000000        0xc Src/syscalls.o
 .group         0x0000000000000000        0xc Src/syscalls.o
 .group         0x0000000000000000        0xc Src/syscalls.o
 .group         0x0000000000000000        0xc Src/syscalls.o
 .group         0x0000000000000000        0xc Src/syscalls.o
 .group         0x0000000000000000        0xc Src/syscalls.o
 .group         0x0000000000000000        0xc Src/syscalls.o
 .group         0x0000000000000000        0xc Src/syscalls.o
 .group         0x0000000000000000        0xc Src/syscalls.o
 .group         0x0000000000000000        0xc Src/syscalls.o
 .group         0x0000000000000000        0xc Src/syscalls.o
 .group         0x0000000000000000        0xc Src/syscalls.o
 .group         0x0000000000000000        0xc Src/syscalls.o
 .group         0x0000000000000000        0xc Src/syscalls.o
 .group         0x0000000000000000        0xc Src/syscalls.o
 .group         0x0000000000000000        0xc Src/syscalls.o
 .group         0x0000000000000000        0xc Src/syscalls.o
 .group         0x0000000000000000        0xc Src/syscalls.o
 .group         0x0000000000000000        0xc Src/syscalls.o
 .group         0x0000000000000000        0xc Src/syscalls.o
 .group         0x0000000000000000        0xc Src/syscalls.o
 .group         0x0000000000000000        0xc Src/syscalls.o
 .group         0x0000000000000000        0xc Src/syscalls.o
 .group         0x0000000000000000        0xc Src/syscalls.o
 .group         0x0000000000000000        0xc Src/syscalls.o
 .group         0x0000000000000000        0xc Src/syscalls.o
 .group         0x0000000000000000        0xc Src/syscalls.o
 .group         0x0000000000000000        0xc Src/syscalls.o
 .text          0x0000000000000000        0x0 Src/syscalls.o
 .data          0x0000000000000000        0x0 Src/syscalls.o
 .bss           0x0000000000000000        0x0 Src/syscalls.o
 .bss.__env     0x0000000000000000        0x4 Src/syscalls.o
 .data.environ  0x0000000000000000        0x4 Src/syscalls.o
 .text.initialise_monitor_handles
                0x0000000000000000        0xe Src/syscalls.o
 .text._getpid  0x0000000000000000       0x10 Src/syscalls.o
 .text._kill    0x0000000000000000       0x20 Src/syscalls.o
 .text._exit    0x0000000000000000       0x14 Src/syscalls.o
 .text._read    0x0000000000000000       0x3a Src/syscalls.o
 .text._write   0x0000000000000000       0x38 Src/syscalls.o
 .text._close   0x0000000000000000       0x18 Src/syscalls.o
 .text._fstat   0x0000000000000000       0x20 Src/syscalls.o
 .text._isatty  0x0000000000000000       0x16 Src/syscalls.o
 .text._lseek   0x0000000000000000       0x1a Src/syscalls.o
 .text._open    0x0000000000000000       0x1c Src/syscalls.o
 .text._wait    0x0000000000000000       0x1e Src/syscalls.o
 .text._unlink  0x0000000000000000       0x1e Src/syscalls.o
 .text._times   0x0000000000000000       0x18 Src/syscalls.o
 .text._stat    0x0000000000000000       0x20 Src/syscalls.o
 .text._link    0x0000000000000000       0x20 Src/syscalls.o
 .text._fork    0x0000000000000000       0x16 Src/syscalls.o
 .text._execve  0x0000000000000000       0x22 Src/syscalls.o
 .debug_info    0x0000000000000000      0xfa8 Src/syscalls.o
 .debug_abbrev  0x0000000000000000      0x286 Src/syscalls.o
 .debug_aranges
                0x0000000000000000       0xa8 Src/syscalls.o
 .debug_ranges  0x0000000000000000       0x98 Src/syscalls.o
 .debug_macro   0x0000000000000000      0x24c Src/syscalls.o
 .debug_macro   0x0000000000000000      0xaae Src/syscalls.o
 .debug_macro   0x0000000000000000       0x22 Src/syscalls.o
 .debug_macro   0x0000000000000000       0x4c Src/syscalls.o
 .debug_macro   0x0000000000000000       0x18 Src/syscalls.o
 .debug_macro   0x0000000000000000       0x94 Src/syscalls.o
 .debug_macro   0x0000000000000000       0x3c Src/syscalls.o
 .debug_macro   0x0000000000000000       0x34 Src/syscalls.o
 .debug_macro   0x0000000000000000       0x57 Src/syscalls.o
 .debug_macro   0x0000000000000000      0x174 Src/syscalls.o
 .debug_macro   0x0000000000000000      0x339 Src/syscalls.o
 .debug_macro   0x0000000000000000       0x16 Src/syscalls.o
 .debug_macro   0x0000000000000000       0x43 Src/syscalls.o
 .debug_macro   0x0000000000000000       0x34 Src/syscalls.o
 .debug_macro   0x0000000000000000       0x10 Src/syscalls.o
 .debug_macro   0x0000000000000000       0x58 Src/syscalls.o
 .debug_macro   0x0000000000000000       0x71 Src/syscalls.o
 .debug_macro   0x0000000000000000       0x1c Src/syscalls.o
 .debug_macro   0x0000000000000000      0x12a Src/syscalls.o
 .debug_macro   0x0000000000000000       0x10 Src/syscalls.o
 .debug_macro   0x0000000000000000       0x35 Src/syscalls.o
 .debug_macro   0x0000000000000000       0x10 Src/syscalls.o
 .debug_macro   0x0000000000000000       0x10 Src/syscalls.o
 .debug_macro   0x0000000000000000       0x10 Src/syscalls.o
 .debug_macro   0x0000000000000000       0x6a Src/syscalls.o
 .debug_macro   0x0000000000000000       0x1c Src/syscalls.o
 .debug_macro   0x0000000000000000       0x52 Src/syscalls.o
 .debug_macro   0x0000000000000000       0x22 Src/syscalls.o
 .debug_macro   0x0000000000000000       0x10 Src/syscalls.o
 .debug_macro   0x0000000000000000       0x40 Src/syscalls.o
 .debug_macro   0x0000000000000000       0xd5 Src/syscalls.o
 .debug_macro   0x0000000000000000       0x1c Src/syscalls.o
 .debug_macro   0x0000000000000000       0x3d Src/syscalls.o
 .debug_macro   0x0000000000000000       0x35 Src/syscalls.o
 .debug_macro   0x0000000000000000      0x12c Src/syscalls.o
 .debug_macro   0x0000000000000000       0x16 Src/syscalls.o
 .debug_macro   0x0000000000000000       0x16 Src/syscalls.o
 .debug_macro   0x0000000000000000       0x29 Src/syscalls.o
 .debug_macro   0x0000000000000000       0x10 Src/syscalls.o
 .debug_macro   0x0000000000000000      0x241 Src/syscalls.o
 .debug_macro   0x0000000000000000       0x1c Src/syscalls.o
 .debug_macro   0x0000000000000000       0x10 Src/syscalls.o
 .debug_macro   0x0000000000000000       0x10 Src/syscalls.o
 .debug_macro   0x0000000000000000       0x16 Src/syscalls.o
 .debug_macro   0x0000000000000000      0x145 Src/syscalls.o
 .debug_macro   0x0000000000000000      0x189 Src/syscalls.o
 .debug_macro   0x0000000000000000       0x16 Src/syscalls.o
 .debug_macro   0x0000000000000000       0xce Src/syscalls.o
 .debug_line    0x0000000000000000      0x825 Src/syscalls.o
 .debug_str     0x0000000000000000     0x8ece Src/syscalls.o
 .comment       0x0000000000000000       0x54 Src/syscalls.o
 .debug_frame   0x0000000000000000      0x2ac Src/syscalls.o
 .ARM.attributes
                0x0000000000000000       0x34 Src/syscalls.o
 .group         0x0000000000000000        0xc Src/sysmem.o
 .group         0x0000000000000000        0xc Src/sysmem.o
 .group         0x0000000000000000        0xc Src/sysmem.o
 .group         0x0000000000000000        0xc Src/sysmem.o
 .group         0x0000000000000000        0xc Src/sysmem.o
 .group         0x0000000000000000        0xc Src/sysmem.o
 .group         0x0000000000000000        0xc Src/sysmem.o
 .group         0x0000000000000000        0xc Src/sysmem.o
 .group         0x0000000000000000        0xc Src/sysmem.o
 .group         0x0000000000000000        0xc Src/sysmem.o
 .group         0x0000000000000000        0xc Src/sysmem.o
 .group         0x0000000000000000        0xc Src/sysmem.o
 .group         0x0000000000000000        0xc Src/sysmem.o
 .group         0x0000000000000000        0xc Src/sysmem.o
 .group         0x0000000000000000        0xc Src/sysmem.o
 .group         0x0000000000000000        0xc Src/sysmem.o
 .group         0x0000000000000000        0xc Src/sysmem.o
 .group         0x0000000000000000        0xc Src/sysmem.o
 .group         0x0000000000000000        0xc Src/sysmem.o
 .group         0x0000000000000000        0xc Src/sysmem.o
 .group         0x0000000000000000        0xc Src/sysmem.o
 .group         0x0000000000000000        0xc Src/sysmem.o
 .text          0x0000000000000000        0x0 Src/sysmem.o
 .data          0x0000000000000000        0x0 Src/sysmem.o
 .bss           0x0000000000000000        0x0 Src/sysmem.o
 .bss.__sbrk_heap_end
                0x0000000000000000        0x4 Src/sysmem.o
 .text._sbrk    0x0000000000000000       0x6c Src/sysmem.o
 .debug_info    0x0000000000000000      0xa25 Src/sysmem.o
 .debug_abbrev  0x0000000000000000      0x1bf Src/sysmem.o
 .debug_aranges
                0x0000000000000000       0x20 Src/sysmem.o
 .debug_ranges  0x0000000000000000       0x10 Src/sysmem.o
 .debug_macro   0x0000000000000000       0xff Src/sysmem.o
 .debug_macro   0x0000000000000000      0xaae Src/sysmem.o
 .debug_macro   0x0000000000000000       0x10 Src/sysmem.o
 .debug_macro   0x0000000000000000       0x22 Src/sysmem.o
 .debug_macro   0x0000000000000000       0x4c Src/sysmem.o
 .debug_macro   0x0000000000000000       0x18 Src/sysmem.o
 .debug_macro   0x0000000000000000       0x94 Src/sysmem.o
 .debug_macro   0x0000000000000000       0x3c Src/sysmem.o
 .debug_macro   0x0000000000000000       0x34 Src/sysmem.o
 .debug_macro   0x0000000000000000      0x174 Src/sysmem.o
 .debug_macro   0x0000000000000000       0x16 Src/sysmem.o
 .debug_macro   0x0000000000000000       0x43 Src/sysmem.o
 .debug_macro   0x0000000000000000       0x57 Src/sysmem.o
 .debug_macro   0x0000000000000000       0x34 Src/sysmem.o
 .debug_macro   0x0000000000000000       0x10 Src/sysmem.o
 .debug_macro   0x0000000000000000       0x58 Src/sysmem.o
 .debug_macro   0x0000000000000000       0x71 Src/sysmem.o
 .debug_macro   0x0000000000000000       0x1c Src/sysmem.o
 .debug_macro   0x0000000000000000      0x12a Src/sysmem.o
 .debug_macro   0x0000000000000000      0x23b Src/sysmem.o
 .debug_macro   0x0000000000000000      0x103 Src/sysmem.o
 .debug_macro   0x0000000000000000       0x6a Src/sysmem.o
 .debug_macro   0x0000000000000000      0x1df Src/sysmem.o
 .debug_line    0x0000000000000000      0x51b Src/sysmem.o
 .debug_str     0x0000000000000000     0x62a1 Src/sysmem.o
 .comment       0x0000000000000000       0x54 Src/sysmem.o
 .debug_frame   0x0000000000000000       0x34 Src/sysmem.o
 .ARM.attributes
                0x0000000000000000       0x34 Src/sysmem.o
 .group         0x0000000000000000        0xc Src/usart_program.o
 .group         0x0000000000000000        0xc Src/usart_program.o
 .group         0x0000000000000000        0xc Src/usart_program.o
 .group         0x0000000000000000        0xc Src/usart_program.o
 .group         0x0000000000000000        0xc Src/usart_program.o
 .text          0x0000000000000000        0x0 Src/usart_program.o
 .data          0x0000000000000000        0x0 Src/usart_program.o
 .bss           0x0000000000000000        0x0 Src/usart_program.o
 .debug_macro   0x0000000000000000      0xaae Src/usart_program.o
 .debug_macro   0x0000000000000000       0x16 Src/usart_program.o
 .debug_macro   0x0000000000000000       0x46 Src/usart_program.o
 .debug_macro   0x0000000000000000       0x6a Src/usart_program.o
 .text          0x0000000000000000       0x14 Startup/startup_stm32f401vetx.o
 .data          0x0000000000000000        0x0 Startup/startup_stm32f401vetx.o
 .bss           0x0000000000000000        0x0 Startup/startup_stm32f401vetx.o
 .text          0x0000000000000000        0x0 g:/new folder/stm32cubeide_1.6.0/stm32cubeide/plugins/com.st.stm32cube.ide.mcu.externaltools.gnu-tools-for-stm32.9-2020-q2-update.win32_1.5.0.202011040924/tools/bin/../lib/gcc/arm-none-eabi/9.3.1/../../../../arm-none-eabi/lib/thumb/v7e-m+fp/hard\libc_nano.a(lib_a-errno.o)
 .data          0x0000000000000000        0x0 g:/new folder/stm32cubeide_1.6.0/stm32cubeide/plugins/com.st.stm32cube.ide.mcu.externaltools.gnu-tools-for-stm32.9-2020-q2-update.win32_1.5.0.202011040924/tools/bin/../lib/gcc/arm-none-eabi/9.3.1/../../../../arm-none-eabi/lib/thumb/v7e-m+fp/hard\libc_nano.a(lib_a-errno.o)
 .bss           0x0000000000000000        0x0 g:/new folder/stm32cubeide_1.6.0/stm32cubeide/plugins/com.st.stm32cube.ide.mcu.externaltools.gnu-tools-for-stm32.9-2020-q2-update.win32_1.5.0.202011040924/tools/bin/../lib/gcc/arm-none-eabi/9.3.1/../../../../arm-none-eabi/lib/thumb/v7e-m+fp/hard\libc_nano.a(lib_a-errno.o)
 .text.__errno  0x0000000000000000        0xc g:/new folder/stm32cubeide_1.6.0/stm32cubeide/plugins/com.st.stm32cube.ide.mcu.externaltools.gnu-tools-for-stm32.9-2020-q2-update.win32_1.5.0.202011040924/tools/bin/../lib/gcc/arm-none-eabi/9.3.1/../../../../arm-none-eabi/lib/thumb/v7e-m+fp/hard\libc_nano.a(lib_a-errno.o)
 .debug_frame   0x0000000000000000       0x20 g:/new folder/stm32cubeide_1.6.0/stm32cubeide/plugins/com.st.stm32cube.ide.mcu.externaltools.gnu-tools-for-stm32.9-2020-q2-update.win32_1.5.0.202011040924/tools/bin/../lib/gcc/arm-none-eabi/9.3.1/../../../../arm-none-eabi/lib/thumb/v7e-m+fp/hard\libc_nano.a(lib_a-errno.o)
 .ARM.attributes
                0x0000000000000000       0x34 g:/new folder/stm32cubeide_1.6.0/stm32cubeide/plugins/com.st.stm32cube.ide.mcu.externaltools.gnu-tools-for-stm32.9-2020-q2-update.win32_1.5.0.202011040924/tools/bin/../lib/gcc/arm-none-eabi/9.3.1/../../../../arm-none-eabi/lib/thumb/v7e-m+fp/hard\libc_nano.a(lib_a-errno.o)
 .text          0x0000000000000000        0x0 g:/new folder/stm32cubeide_1.6.0/stm32cubeide/plugins/com.st.stm32cube.ide.mcu.externaltools.gnu-tools-for-stm32.9-2020-q2-update.win32_1.5.0.202011040924/tools/bin/../lib/gcc/arm-none-eabi/9.3.1/../../../../arm-none-eabi/lib/thumb/v7e-m+fp/hard\libc_nano.a(lib_a-exit.o)
 .data          0x0000000000000000        0x0 g:/new folder/stm32cubeide_1.6.0/stm32cubeide/plugins/com.st.stm32cube.ide.mcu.externaltools.gnu-tools-for-stm32.9-2020-q2-update.win32_1.5.0.202011040924/tools/bin/../lib/gcc/arm-none-eabi/9.3.1/../../../../arm-none-eabi/lib/thumb/v7e-m+fp/hard\libc_nano.a(lib_a-exit.o)
 .bss           0x0000000000000000        0x0 g:/new folder/stm32cubeide_1.6.0/stm32cubeide/plugins/com.st.stm32cube.ide.mcu.externaltools.gnu-tools-for-stm32.9-2020-q2-update.win32_1.5.0.202011040924/tools/bin/../lib/gcc/arm-none-eabi/9.3.1/../../../../arm-none-eabi/lib/thumb/v7e-m+fp/hard\libc_nano.a(lib_a-exit.o)
 .text.exit     0x0000000000000000       0x28 g:/new folder/stm32cubeide_1.6.0/stm32cubeide/plugins/com.st.stm32cube.ide.mcu.externaltools.gnu-tools-for-stm32.9-2020-q2-update.win32_1.5.0.202011040924/tools/bin/../lib/gcc/arm-none-eabi/9.3.1/../../../../arm-none-eabi/lib/thumb/v7e-m+fp/hard\libc_nano.a(lib_a-exit.o)
 .debug_frame   0x0000000000000000       0x28 g:/new folder/stm32cubeide_1.6.0/stm32cubeide/plugins/com.st.stm32cube.ide.mcu.externaltools.gnu-tools-for-stm32.9-2020-q2-update.win32_1.5.0.202011040924/tools/bin/../lib/gcc/arm-none-eabi/9.3.1/../../../../arm-none-eabi/lib/thumb/v7e-m+fp/hard\libc_nano.a(lib_a-exit.o)
 .ARM.attributes
                0x0000000000000000       0x34 g:/new folder/stm32cubeide_1.6.0/stm32cubeide/plugins/com.st.stm32cube.ide.mcu.externaltools.gnu-tools-for-stm32.9-2020-q2-update.win32_1.5.0.202011040924/tools/bin/../lib/gcc/arm-none-eabi/9.3.1/../../../../arm-none-eabi/lib/thumb/v7e-m+fp/hard\libc_nano.a(lib_a-exit.o)
 .text          0x0000000000000000        0x0 g:/new folder/stm32cubeide_1.6.0/stm32cubeide/plugins/com.st.stm32cube.ide.mcu.externaltools.gnu-tools-for-stm32.9-2020-q2-update.win32_1.5.0.202011040924/tools/bin/../lib/gcc/arm-none-eabi/9.3.1/../../../../arm-none-eabi/lib/thumb/v7e-m+fp/hard\libc_nano.a(lib_a-impure.o)
 .data          0x0000000000000000        0x0 g:/new folder/stm32cubeide_1.6.0/stm32cubeide/plugins/com.st.stm32cube.ide.mcu.externaltools.gnu-tools-for-stm32.9-2020-q2-update.win32_1.5.0.202011040924/tools/bin/../lib/gcc/arm-none-eabi/9.3.1/../../../../arm-none-eabi/lib/thumb/v7e-m+fp/hard\libc_nano.a(lib_a-impure.o)
 .bss           0x0000000000000000        0x0 g:/new folder/stm32cubeide_1.6.0/stm32cubeide/plugins/com.st.stm32cube.ide.mcu.externaltools.gnu-tools-for-stm32.9-2020-q2-update.win32_1.5.0.202011040924/tools/bin/../lib/gcc/arm-none-eabi/9.3.1/../../../../arm-none-eabi/lib/thumb/v7e-m+fp/hard\libc_nano.a(lib_a-impure.o)
 .data._impure_ptr
                0x0000000000000000        0x4 g:/new folder/stm32cubeide_1.6.0/stm32cubeide/plugins/com.st.stm32cube.ide.mcu.externaltools.gnu-tools-for-stm32.9-2020-q2-update.win32_1.5.0.202011040924/tools/bin/../lib/gcc/arm-none-eabi/9.3.1/../../../../arm-none-eabi/lib/thumb/v7e-m+fp/hard\libc_nano.a(lib_a-impure.o)
 .data.impure_data
                0x0000000000000000       0x60 g:/new folder/stm32cubeide_1.6.0/stm32cubeide/plugins/com.st.stm32cube.ide.mcu.externaltools.gnu-tools-for-stm32.9-2020-q2-update.win32_1.5.0.202011040924/tools/bin/../lib/gcc/arm-none-eabi/9.3.1/../../../../arm-none-eabi/lib/thumb/v7e-m+fp/hard\libc_nano.a(lib_a-impure.o)
 .rodata._global_impure_ptr
                0x0000000000000000        0x4 g:/new folder/stm32cubeide_1.6.0/stm32cubeide/plugins/com.st.stm32cube.ide.mcu.externaltools.gnu-tools-for-stm32.9-2020-q2-update.win32_1.5.0.202011040924/tools/bin/../lib/gcc/arm-none-eabi/9.3.1/../../../../arm-none-eabi/lib/thumb/v7e-m+fp/hard\libc_nano.a(lib_a-impure.o)
 .ARM.attributes
                0x0000000000000000       0x32 g:/new folder/stm32cubeide_1.6.0/stm32cubeide/plugins/com.st.stm32cube.ide.mcu.externaltools.gnu-tools-for-stm32.9-2020-q2-update.win32_1.5.0.202011040924/tools/bin/../lib/gcc/arm-none-eabi/9.3.1/../../../../arm-none-eabi/lib/thumb/v7e-m+fp/hard\libc_nano.a(lib_a-impure.o)
 .text          0x0000000000000000        0x0 g:/new folder/stm32cubeide_1.6.0/stm32cubeide/plugins/com.st.stm32cube.ide.mcu.externaltools.gnu-tools-for-stm32.9-2020-q2-update.win32_1.5.0.202011040924/tools/bin/../lib/gcc/arm-none-eabi/9.3.1/../../../../arm-none-eabi/lib/thumb/v7e-m+fp/hard\libc_nano.a(lib_a-init.o)
 .data          0x0000000000000000        0x0 g:/new folder/stm32cubeide_1.6.0/stm32cubeide/plugins/com.st.stm32cube.ide.mcu.externaltools.gnu-tools-for-stm32.9-2020-q2-update.win32_1.5.0.202011040924/tools/bin/../lib/gcc/arm-none-eabi/9.3.1/../../../../arm-none-eabi/lib/thumb/v7e-m+fp/hard\libc_nano.a(lib_a-init.o)
 .bss           0x0000000000000000        0x0 g:/new folder/stm32cubeide_1.6.0/stm32cubeide/plugins/com.st.stm32cube.ide.mcu.externaltools.gnu-tools-for-stm32.9-2020-q2-update.win32_1.5.0.202011040924/tools/bin/../lib/gcc/arm-none-eabi/9.3.1/../../../../arm-none-eabi/lib/thumb/v7e-m+fp/hard\libc_nano.a(lib_a-init.o)
 .text          0x0000000000000000        0x0 g:/new folder/stm32cubeide_1.6.0/stm32cubeide/plugins/com.st.stm32cube.ide.mcu.externaltools.gnu-tools-for-stm32.9-2020-q2-update.win32_1.5.0.202011040924/tools/bin/../lib/gcc/arm-none-eabi/9.3.1/../../../../arm-none-eabi/lib/thumb/v7e-m+fp/hard\libc_nano.a(lib_a-memset.o)
 .data          0x0000000000000000        0x0 g:/new folder/stm32cubeide_1.6.0/stm32cubeide/plugins/com.st.stm32cube.ide.mcu.externaltools.gnu-tools-for-stm32.9-2020-q2-update.win32_1.5.0.202011040924/tools/bin/../lib/gcc/arm-none-eabi/9.3.1/../../../../arm-none-eabi/lib/thumb/v7e-m+fp/hard\libc_nano.a(lib_a-memset.o)
 .bss           0x0000000000000000        0x0 g:/new folder/stm32cubeide_1.6.0/stm32cubeide/plugins/com.st.stm32cube.ide.mcu.externaltools.gnu-tools-for-stm32.9-2020-q2-update.win32_1.5.0.202011040924/tools/bin/../lib/gcc/arm-none-eabi/9.3.1/../../../../arm-none-eabi/lib/thumb/v7e-m+fp/hard\libc_nano.a(lib_a-memset.o)
 .text.memset   0x0000000000000000       0x10 g:/new folder/stm32cubeide_1.6.0/stm32cubeide/plugins/com.st.stm32cube.ide.mcu.externaltools.gnu-tools-for-stm32.9-2020-q2-update.win32_1.5.0.202011040924/tools/bin/../lib/gcc/arm-none-eabi/9.3.1/../../../../arm-none-eabi/lib/thumb/v7e-m+fp/hard\libc_nano.a(lib_a-memset.o)
 .debug_frame   0x0000000000000000       0x20 g:/new folder/stm32cubeide_1.6.0/stm32cubeide/plugins/com.st.stm32cube.ide.mcu.externaltools.gnu-tools-for-stm32.9-2020-q2-update.win32_1.5.0.202011040924/tools/bin/../lib/gcc/arm-none-eabi/9.3.1/../../../../arm-none-eabi/lib/thumb/v7e-m+fp/hard\libc_nano.a(lib_a-memset.o)
 .ARM.attributes
                0x0000000000000000       0x34 g:/new folder/stm32cubeide_1.6.0/stm32cubeide/plugins/com.st.stm32cube.ide.mcu.externaltools.gnu-tools-for-stm32.9-2020-q2-update.win32_1.5.0.202011040924/tools/bin/../lib/gcc/arm-none-eabi/9.3.1/../../../../arm-none-eabi/lib/thumb/v7e-m+fp/hard\libc_nano.a(lib_a-memset.o)
 .text          0x0000000000000000        0x0 g:/new folder/stm32cubeide_1.6.0/stm32cubeide/plugins/com.st.stm32cube.ide.mcu.externaltools.gnu-tools-for-stm32.9-2020-q2-update.win32_1.5.0.202011040924/tools/bin/../lib/gcc/arm-none-eabi/9.3.1/thumb/v7e-m+fp/hard/crtend.o
 .data          0x0000000000000000        0x0 g:/new folder/stm32cubeide_1.6.0/stm32cubeide/plugins/com.st.stm32cube.ide.mcu.externaltools.gnu-tools-for-stm32.9-2020-q2-update.win32_1.5.0.202011040924/tools/bin/../lib/gcc/arm-none-eabi/9.3.1/thumb/v7e-m+fp/hard/crtend.o
 .bss           0x0000000000000000        0x0 g:/new folder/stm32cubeide_1.6.0/stm32cubeide/plugins/com.st.stm32cube.ide.mcu.externaltools.gnu-tools-for-stm32.9-2020-q2-update.win32_1.5.0.202011040924/tools/bin/../lib/gcc/arm-none-eabi/9.3.1/thumb/v7e-m+fp/hard/crtend.o
 .eh_frame      0x0000000000000000        0x4 g:/new folder/stm32cubeide_1.6.0/stm32cubeide/plugins/com.st.stm32cube.ide.mcu.externaltools.gnu-tools-for-stm32.9-2020-q2-update.win32_1.5.0.202011040924/tools/bin/../lib/gcc/arm-none-eabi/9.3.1/thumb/v7e-m+fp/hard/crtend.o
 .ARM.attributes
                0x0000000000000000       0x32 g:/new folder/stm32cubeide_1.6.0/stm32cubeide/plugins/com.st.stm32cube.ide.mcu.externaltools.gnu-tools-for-stm32.9-2020-q2-update.win32_1.5.0.202011040924/tools/bin/../lib/gcc/arm-none-eabi/9.3.1/thumb/v7e-m+fp/hard/crtend.o
 .text          0x0000000000000000        0x0 g:/new folder/stm32cubeide_1.6.0/stm32cubeide/plugins/com.st.stm32cube.ide.mcu.externaltools.gnu-tools-for-stm32.9-2020-q2-update.win32_1.5.0.202011040924/tools/bin/../lib/gcc/arm-none-eabi/9.3.1/thumb/v7e-m+fp/hard/crtn.o
 .data          0x0000000000000000        0x0 g:/new folder/stm32cubeide_1.6.0/stm32cubeide/plugins/com.st.stm32cube.ide.mcu.externaltools.gnu-tools-for-stm32.9-2020-q2-update.win32_1.5.0.202011040924/tools/bin/../lib/gcc/arm-none-eabi/9.3.1/thumb/v7e-m+fp/hard/crtn.o
 .bss           0x0000000000000000        0x0 g:/new folder/stm32cubeide_1.6.0/stm32cubeide/plugins/com.st.stm32cube.ide.mcu.externaltools.gnu-tools-for-stm32.9-2020-q2-update.win32_1.5.0.202011040924/tools/bin/../lib/gcc/arm-none-eabi/9.3.1/thumb/v7e-m+fp/hard/crtn.o

Memory Configuration

Name             Origin             Length             Attributes
RAM              0x0000000020000000 0x0000000000018000 xrw
FLASH            0x0000000008000000 0x0000000000080000 xr
*default*        0x0000000000000000 0xffffffffffffffff

Linker script and memory map

LOAD g:/new folder/stm32cubeide_1.6.0/stm32cubeide/plugins/com.st.stm32cube.ide.mcu.externaltools.gnu-tools-for-stm32.9-2020-q2-update.win32_1.5.0.202011040924/tools/bin/../lib/gcc/arm-none-eabi/9.3.1/thumb/v7e-m+fp/hard/crti.o
LOAD g:/new folder/stm32cubeide_1.6.0/stm32cubeide/plugins/com.st.stm32cube.ide.mcu.externaltools.gnu-tools-for-stm32.9-2020-q2-update.win32_1.5.0.202011040924/tools/bin/../lib/gcc/arm-none-eabi/9.3.1/thumb/v7e-m+fp/hard/crtbegin.o
LOAD g:/new folder/stm32cubeide_1.6.0/stm32cubeide/plugins/com.st.stm32cube.ide.mcu.externaltools.gnu-tools-for-stm32.9-2020-q2-update.win32_1.5.0.202011040924/tools/bin/../lib/gcc/arm-none-eabi/9.3.1/../../../../arm-none-eabi/lib/thumb/v7e-m+fp/hard/crt0.o
LOAD Src/GPIO_Program.o
LOAD Src/RCC_prog.o
LOAD Src/keypad.o
LOAD Src/main.o
LOAD Src/syscalls.o
LOAD Src/sysmem.o
LOAD Src/usart_program.o
LOAD Startup/startup_stm32f401vetx.o
START GROUP
LOAD g:/new folder/stm32cubeide_1.6.0/stm32cubeide/plugins/com.st.stm32cube.ide.mcu.externaltools.gnu-tools-for-stm32.9-2020-q2-update.win32_1.5.0.202011040924/tools/bin/../lib/gcc/arm-none-eabi/9.3.1/../../../../arm-none-eabi/lib/thumb/v7e-m+fp/hard\libc_nano.a
LOAD g:/new folder/stm32cubeide_1.6.0/stm32cubeide/plugins/com.st.stm32cube.ide.mcu.externaltools.gnu-tools-for-stm32.9-2020-q2-update.win32_1.5.0.202011040924/tools/bin/../lib/gcc/arm-none-eabi/9.3.1/../../../../arm-none-eabi/lib/thumb/v7e-m+fp/hard\libm.a
END GROUP
START GROUP
LOAD g:/new folder/stm32cubeide_1.6.0/stm32cubeide/plugins/com.st.stm32cube.ide.mcu.externaltools.gnu-tools-for-stm32.9-2020-q2-update.win32_1.5.0.202011040924/tools/bin/../lib/gcc/arm-none-eabi/9.3.1/thumb/v7e-m+fp/hard\libgcc.a
LOAD g:/new folder/stm32cubeide_1.6.0/stm32cubeide/plugins/com.st.stm32cube.ide.mcu.externaltools.gnu-tools-for-stm32.9-2020-q2-update.win32_1.5.0.202011040924/tools/bin/../lib/gcc/arm-none-eabi/9.3.1/../../../../arm-none-eabi/lib/thumb/v7e-m+fp/hard\libc_nano.a
END GROUP
START GROUP
LOAD g:/new folder/stm32cubeide_1.6.0/stm32cubeide/plugins/com.st.stm32cube.ide.mcu.externaltools.gnu-tools-for-stm32.9-2020-q2-update.win32_1.5.0.202011040924/tools/bin/../lib/gcc/arm-none-eabi/9.3.1/thumb/v7e-m+fp/hard\libgcc.a
LOAD g:/new folder/stm32cubeide_1.6.0/stm32cubeide/plugins/com.st.stm32cube.ide.mcu.externaltools.gnu-tools-for-stm32.9-2020-q2-update.win32_1.5.0.202011040924/tools/bin/../lib/gcc/arm-none-eabi/9.3.1/../../../../arm-none-eabi/lib/thumb/v7e-m+fp/hard\libc_nano.a
LOAD g:/new folder/stm32cubeide_1.6.0/stm32cubeide/plugins/com.st.stm32cube.ide.mcu.externaltools.gnu-tools-for-stm32.9-2020-q2-update.win32_1.5.0.202011040924/tools/bin/../lib/gcc/arm-none-eabi/9.3.1/../../../../arm-none-eabi/lib/thumb/v7e-m+fp/hard\libnosys.a
END GROUP
START GROUP
LOAD g:/new folder/stm32cubeide_1.6.0/stm32cubeide/plugins/com.st.stm32cube.ide.mcu.externaltools.gnu-tools-for-stm32.9-2020-q2-update.win32_1.5.0.202011040924/tools/bin/../lib/gcc/arm-none-eabi/9.3.1/thumb/v7e-m+fp/hard\libgcc.a
LOAD g:/new folder/stm32cubeide_1.6.0/stm32cubeide/plugins/com.st.stm32cube.ide.mcu.externaltools.gnu-tools-for-stm32.9-2020-q2-update.win32_1.5.0.202011040924/tools/bin/../lib/gcc/arm-none-eabi/9.3.1/../../../../arm-none-eabi/lib/thumb/v7e-m+fp/hard\libc_nano.a
LOAD g:/new folder/stm32cubeide_1.6.0/stm32cubeide/plugins/com.st.stm32cube.ide.mcu.externaltools.gnu-tools-for-stm32.9-2020-q2-update.win32_1.5.0.202011040924/tools/bin/../lib/gcc/arm-none-eabi/9.3.1/../../../../arm-none-eabi/lib/thumb/v7e-m+fp/hard\libnosys.a
END GROUP
LOAD g:/new folder/stm32cubeide_1.6.0/stm32cubeide/plugins/com.st.stm32cube.ide.mcu.externaltools.gnu-tools-for-stm32.9-2020-q2-update.win32_1.5.0.202011040924/tools/bin/../lib/gcc/arm-none-eabi/9.3.1/thumb/v7e-m+fp/hard/crtend.o
LOAD g:/new folder/stm32cubeide_1.6.0/stm32cubeide/plugins/com.st.stm32cube.ide.mcu.externaltools.gnu-tools-for-stm32.9-2020-q2-update.win32_1.5.0.202011040924/tools/bin/../lib/gcc/arm-none-eabi/9.3.1/thumb/v7e-m+fp/hard/crtn.o
                0x0000000020018000                _estack = (ORIGIN (RAM) + LENGTH (RAM))
                0x0000000000000200                _Min_Heap_Size = 0x200
                0x0000000000000400                _Min_Stack_Size = 0x400

.isr_vector     0x0000000008000000      0x194
                0x0000000008000000                . = ALIGN (0x4)
 *(.isr_vector)
 .isr_vector    0x0000000008000000      0x194 Startup/startup_stm32f401vetx.o
                0x0000000008000000                g_pfnVectors
                0x0000000008000194                . = ALIGN (0x4)

.text           0x0000000008000194      0xf78
                0x0000000008000194                . = ALIGN (0x4)
 *(.text)
 .text          0x0000000008000194       0x40 g:/new folder/stm32cubeide_1.6.0/stm32cubeide/plugins/com.st.stm32cube.ide.mcu.externaltools.gnu-tools-for-stm32.9-2020-q2-update.win32_1.5.0.202011040924/tools/bin/../lib/gcc/arm-none-eabi/9.3.1/thumb/v7e-m+fp/hard/crtbegin.o
 *(.text*)
 .text.GPIO_void_setPin_Direction
                0x00000000080001d4      0x5e4 Src/GPIO_Program.o
                0x00000000080001d4                GPIO_void_setPin_Direction
 .text.GPIO_void_setPin_Output_Type
                0x00000000080007b8      0x1c4 Src/GPIO_Program.o
                0x00000000080007b8                GPIO_void_setPin_Output_Type
 .text.GPIO_voidSetAltFunction
                0x000000000800097c      0x1bc Src/GPIO_Program.o
                0x000000000800097c                GPIO_voidSetAltFunction
 .text.RCC_voidInit
                0x0000000008000b38       0x64 Src/RCC_prog.o
                0x0000000008000b38                RCC_voidInit
 .text.RCC_voidEnablePeripheralCLK
                0x0000000008000b9c       0xa0 Src/RCC_prog.o
                0x0000000008000b9c                RCC_voidEnablePeripheralCLK
 .text.KeyPad_Intialize
                0x0000000008000c3c      0x108 Src/keypad.o
                0x0000000008000c3c                KeyPad_Intialize
 .text.KeyPad_4x4_adjustKeyNumber
                0x0000000008000d44       0xa8 Src/keypad.o
 .text.KeyPad_getPressedKey
                0x0000000008000dec       0x78 Src/keypad.o
                0x0000000008000dec                KeyPad_getPressedKey
 .text.delay    0x0000000008000e64       0x40 Src/keypad.o
                0x0000000008000e64                delay
 .text.main     0x0000000008000ea4       0x80 Src/main.o
                0x0000000008000ea4                main
 .text.USART_voidInit
                0x0000000008000f24       0xa8 Src/usart_program.o
                0x0000000008000f24                USART_voidInit
 .text.USART_voidTransmit
                0x0000000008000fcc       0x48 Src/usart_program.o
                0x0000000008000fcc                USART_voidTransmit
 .text.USART_u8Receive
                0x0000000008001014       0x44 Src/usart_program.o
                0x0000000008001014                USART_u8Receive
 .text.Reset_Handler
                0x0000000008001058       0x50 Startup/startup_stm32f401vetx.o
                0x0000000008001058                Reset_Handler
 .text.Default_Handler
                0x00000000080010a8        0x2 Startup/startup_stm32f401vetx.o
                0x00000000080010a8                RTC_Alarm_IRQHandler
                0x00000000080010a8                EXTI2_IRQHandler
                0x00000000080010a8                DebugMon_Handler
                0x00000000080010a8                SPI4_IRQHandler
                0x00000000080010a8                TIM1_CC_IRQHandler
                0x00000000080010a8                HardFault_Handler
                0x00000000080010a8                SysTick_Handler
                0x00000000080010a8                PVD_IRQHandler
                0x00000000080010a8                SDIO_IRQHandler
                0x00000000080010a8                TAMP_STAMP_IRQHandler
                0x00000000080010a8                PendSV_Handler
                0x00000000080010a8                NMI_Handler
                0x00000000080010a8                EXTI3_IRQHandler
                0x00000000080010a8                TIM1_UP_TIM10_IRQHandler
                0x00000000080010a8                I2C3_ER_IRQHandler
                0x00000000080010a8                EXTI0_IRQHandler
                0x00000000080010a8                I2C2_EV_IRQHandler
                0x00000000080010a8                FPU_IRQHandler
                0x00000000080010a8                UsageFault_Handler
                0x00000000080010a8                SPI1_IRQHandler
                0x00000000080010a8                TIM1_BRK_TIM9_IRQHandler
                0x00000000080010a8                I2C1_EV_IRQHandler
                0x00000000080010a8                TIM3_IRQHandler
                0x00000000080010a8                RCC_IRQHandler
                0x00000000080010a8                Default_Handler
                0x00000000080010a8                EXTI15_10_IRQHandler
                0x00000000080010a8                ADC_IRQHandler
                0x00000000080010a8                I2C3_EV_IRQHandler
                0x00000000080010a8                EXTI9_5_IRQHandler
                0x00000000080010a8                RTC_WKUP_IRQHandler
                0x00000000080010a8                SPI2_IRQHandler
                0x00000000080010a8                MemManage_Handler
                0x00000000080010a8                SVC_Handler
                0x00000000080010a8                EXTI4_IRQHandler
                0x00000000080010a8                TIM2_IRQHandler
                0x00000000080010a8                OTG_FS_WKUP_IRQHandler
                0x00000000080010a8                TIM1_TRG_COM_TIM11_IRQHandler
                0x00000000080010a8                EXTI1_IRQHandler
                0x00000000080010a8                I2C2_ER_IRQHandler
                0x00000000080010a8                FLASH_IRQHandler
                0x00000000080010a8                BusFault_Handler
                0x00000000080010a8                OTG_FS_IRQHandler
                0x00000000080010a8                SPI3_IRQHandler
                0x00000000080010a8                I2C1_ER_IRQHandler
 *fill*         0x00000000080010aa        0x2 
 .text.__libc_init_array
                0x00000000080010ac       0x48 g:/new folder/stm32cubeide_1.6.0/stm32cubeide/plugins/com.st.stm32cube.ide.mcu.externaltools.gnu-tools-for-stm32.9-2020-q2-update.win32_1.5.0.202011040924/tools/bin/../lib/gcc/arm-none-eabi/9.3.1/../../../../arm-none-eabi/lib/thumb/v7e-m+fp/hard\libc_nano.a(lib_a-init.o)
                0x00000000080010ac                __libc_init_array
 *(.glue_7)
 .glue_7        0x00000000080010f4        0x0 linker stubs
 *(.glue_7t)
 .glue_7t       0x00000000080010f4        0x0 linker stubs
 *(.eh_frame)
 .eh_frame      0x00000000080010f4        0x0 g:/new folder/stm32cubeide_1.6.0/stm32cubeide/plugins/com.st.stm32cube.ide.mcu.externaltools.gnu-tools-for-stm32.9-2020-q2-update.win32_1.5.0.202011040924/tools/bin/../lib/gcc/arm-none-eabi/9.3.1/thumb/v7e-m+fp/hard/crtbegin.o
 *(.init)
 .init          0x00000000080010f4        0x4 g:/new folder/stm32cubeide_1.6.0/stm32cubeide/plugins/com.st.stm32cube.ide.mcu.externaltools.gnu-tools-for-stm32.9-2020-q2-update.win32_1.5.0.202011040924/tools/bin/../lib/gcc/arm-none-eabi/9.3.1/thumb/v7e-m+fp/hard/crti.o
                0x00000000080010f4                _init
 .init          0x00000000080010f8        0x8 g:/new folder/stm32cubeide_1.6.0/stm32cubeide/plugins/com.st.stm32cube.ide.mcu.externaltools.gnu-tools-for-stm32.9-2020-q2-update.win32_1.5.0.202011040924/tools/bin/../lib/gcc/arm-none-eabi/9.3.1/thumb/v7e-m+fp/hard/crtn.o
 *(.fini)
 .fini          0x0000000008001100        0x4 g:/new folder/stm32cubeide_1.6.0/stm32cubeide/plugins/com.st.stm32cube.ide.mcu.externaltools.gnu-tools-for-stm32.9-2020-q2-update.win32_1.5.0.202011040924/tools/bin/../lib/gcc/arm-none-eabi/9.3.1/thumb/v7e-m+fp/hard/crti.o
                0x0000000008001100                _fini
 .fini          0x0000000008001104        0x8 g:/new folder/stm32cubeide_1.6.0/stm32cubeide/plugins/com.st.stm32cube.ide.mcu.externaltools.gnu-tools-for-stm32.9-2020-q2-update.win32_1.5.0.202011040924/tools/bin/../lib/gcc/arm-none-eabi/9.3.1/thumb/v7e-m+fp/hard/crtn.o
                0x000000000800110c                . = ALIGN (0x4)
                0x000000000800110c                _etext = .

.vfp11_veneer   0x000000000800110c        0x0
 .vfp11_veneer  0x000000000800110c        0x0 linker stubs

.v4_bx          0x000000000800110c        0x0
 .v4_bx         0x000000000800110c        0x0 linker stubs

.iplt           0x000000000800110c        0x0
 .iplt          0x000000000800110c        0x0 g:/new folder/stm32cubeide_1.6.0/stm32cubeide/plugins/com.st.stm32cube.ide.mcu.externaltools.gnu-tools-for-stm32.9-2020-q2-update.win32_1.5.0.202011040924/tools/bin/../lib/gcc/arm-none-eabi/9.3.1/thumb/v7e-m+fp/hard/crtbegin.o

.rel.dyn        0x000000000800110c        0x0
 .rel.iplt      0x000000000800110c        0x0 g:/new folder/stm32cubeide_1.6.0/stm32cubeide/plugins/com.st.stm32cube.ide.mcu.externaltools.gnu-tools-for-stm32.9-2020-q2-update.win32_1.5.0.202011040924/tools/bin/../lib/gcc/arm-none-eabi/9.3.1/thumb/v7e-m+fp/hard/crtbegin.o

.rodata         0x000000000800110c        0x0
                0x000000000800110c                . = ALIGN (0x4)
 *(.rodata)
 *(.rodata*)
                0x000000000800110c                . = ALIGN (0x4)

.ARM.extab      0x000000000800110c        0x0
                0x000000000800110c                . = ALIGN (0x4)
 *(.ARM.extab* .gnu.linkonce.armextab.*)
                0x000000000800110c                . = ALIGN (0x4)

.ARM            0x000000000800110c        0x0
                0x000000000800110c                . = ALIGN (0x4)
                0x000000000800110c                __exidx_start = .
 *(.ARM.exidx*)
                0x000000000800110c                __exidx_end = .
                0x000000000800110c                . = ALIGN (0x4)

.preinit_array  0x000000000800110c        0x0
                0x000000000800110c                . = ALIGN (0x4)
                0x000000000800110c                PROVIDE (__preinit_array_start = .)
 *(.preinit_array*)
                0x000000000800110c                PROVIDE (__preinit_array_end = .)
                0x000000000800110c                . = ALIGN (0x4)

.init_array     0x000000000800110c        0x4
                0x000000000800110c                . = ALIGN (0x4)
                0x000000000800110c                PROVIDE (__init_array_start = .)
 *(SORT_BY_NAME(.init_array.*))
 *(.init_array*)
 .init_array    0x000000000800110c        0x4 g:/new folder/stm32cubeide_1.6.0/stm32cubeide/plugins/com.st.stm32cube.ide.mcu.externaltools.gnu-tools-for-stm32.9-2020-q2-update.win32_1.5.0.202011040924/tools/bin/../lib/gcc/arm-none-eabi/9.3.1/thumb/v7e-m+fp/hard/crtbegin.o
                0x0000000008001110                PROVIDE (__init_array_end = .)
                0x0000000008001110                . = ALIGN (0x4)

.fini_array     0x0000000008001110        0x4
                0x0000000008001110                . = ALIGN (0x4)
                [!provide]                        PROVIDE (__fini_array_start = .)
 *(SORT_BY_NAME(.fini_array.*))
 *(.fini_array*)
 .fini_array    0x0000000008001110        0x4 g:/new folder/stm32cubeide_1.6.0/stm32cubeide/plugins/com.st.stm32cube.ide.mcu.externaltools.gnu-tools-for-stm32.9-2020-q2-update.win32_1.5.0.202011040924/tools/bin/../lib/gcc/arm-none-eabi/9.3.1/thumb/v7e-m+fp/hard/crtbegin.o
                [!provide]                        PROVIDE (__fini_array_end = .)
                0x0000000008001114                . = ALIGN (0x4)
                0x0000000008001114                _sidata = LOADADDR (.data)

.data           0x0000000020000000        0x0 load address 0x0000000008001114
                0x0000000020000000                . = ALIGN (0x4)
                0x0000000020000000                _sdata = .
 *(.data)
 *(.data*)
 *(.RamFunc)
 *(.RamFunc*)
                0x0000000020000000                . = ALIGN (0x4)
                0x0000000020000000                _edata = .

.igot.plt       0x0000000020000000        0x0 load address 0x0000000008001114
 .igot.plt      0x0000000020000000        0x0 g:/new folder/stm32cubeide_1.6.0/stm32cubeide/plugins/com.st.stm32cube.ide.mcu.externaltools.gnu-tools-for-stm32.9-2020-q2-update.win32_1.5.0.202011040924/tools/bin/../lib/gcc/arm-none-eabi/9.3.1/thumb/v7e-m+fp/hard/crtbegin.o
                0x0000000020000000                . = ALIGN (0x4)

.bss            0x0000000020000000       0x1c load address 0x0000000008001114
                0x0000000020000000                _sbss = .
                0x0000000020000000                __bss_start__ = _sbss
 *(.bss)
 .bss           0x0000000020000000       0x1c g:/new folder/stm32cubeide_1.6.0/stm32cubeide/plugins/com.st.stm32cube.ide.mcu.externaltools.gnu-tools-for-stm32.9-2020-q2-update.win32_1.5.0.202011040924/tools/bin/../lib/gcc/arm-none-eabi/9.3.1/thumb/v7e-m+fp/hard/crtbegin.o
 *(.bss*)
 *(COMMON)
                0x000000002000001c                . = ALIGN (0x4)
                0x000000002000001c                _ebss = .
                0x000000002000001c                __bss_end__ = _ebss

._user_heap_stack
                0x000000002000001c      0x604 load address 0x0000000008001114
                0x0000000020000020                . = ALIGN (0x8)
 *fill*         0x000000002000001c        0x4 
                [!provide]                        PROVIDE (end = .)
                0x0000000020000020                PROVIDE (_end = .)
                0x0000000020000220                . = (. + _Min_Heap_Size)
 *fill*         0x0000000020000020      0x200 
                0x0000000020000620                . = (. + _Min_Stack_Size)
 *fill*         0x0000000020000220      0x400 
                0x0000000020000620                . = ALIGN (0x8)

/DISCARD/
 libc.a(*)
 libm.a(*)
 libgcc.a(*)

.ARM.attributes
                0x0000000000000000       0x30
 *(.ARM.attributes)
 .ARM.attributes
                0x0000000000000000       0x1e g:/new folder/stm32cubeide_1.6.0/stm32cubeide/plugins/com.st.stm32cube.ide.mcu.externaltools.gnu-tools-for-stm32.9-2020-q2-update.win32_1.5.0.202011040924/tools/bin/../lib/gcc/arm-none-eabi/9.3.1/thumb/v7e-m+fp/hard/crti.o
 .ARM.attributes
                0x000000000000001e       0x34 g:/new folder/stm32cubeide_1.6.0/stm32cubeide/plugins/com.st.stm32cube.ide.mcu.externaltools.gnu-tools-for-stm32.9-2020-q2-update.win32_1.5.0.202011040924/tools/bin/../lib/gcc/arm-none-eabi/9.3.1/thumb/v7e-m+fp/hard/crtbegin.o
 .ARM.attributes
                0x0000000000000052       0x34 Src/GPIO_Program.o
 .ARM.attributes
                0x0000000000000086       0x34 Src/RCC_prog.o
 .ARM.attributes
                0x00000000000000ba       0x34 Src/keypad.o
 .ARM.attributes
                0x00000000000000ee       0x34 Src/main.o
 .ARM.attributes
                0x0000000000000122       0x34 Src/usart_program.o
 .ARM.attributes
                0x0000000000000156       0x21 Startup/startup_stm32f401vetx.o
 .ARM.attributes
                0x0000000000000177       0x34 g:/new folder/stm32cubeide_1.6.0/stm32cubeide/plugins/com.st.stm32cube.ide.mcu.externaltools.gnu-tools-for-stm32.9-2020-q2-update.win32_1.5.0.202011040924/tools/bin/../lib/gcc/arm-none-eabi/9.3.1/../../../../arm-none-eabi/lib/thumb/v7e-m+fp/hard\libc_nano.a(lib_a-init.o)
 .ARM.attributes
                0x00000000000001ab       0x1e g:/new folder/stm32cubeide_1.6.0/stm32cubeide/plugins/com.st.stm32cube.ide.mcu.externaltools.gnu-tools-for-stm32.9-2020-q2-update.win32_1.5.0.202011040924/tools/bin/../lib/gcc/arm-none-eabi/9.3.1/thumb/v7e-m+fp/hard/crtn.o
OUTPUT(Final_version_Garage_system-TX.elf elf32-littlearm)
LOAD linker stubs
LOAD g:/new folder/stm32cubeide_1.6.0/stm32cubeide/plugins/com.st.stm32cube.ide.mcu.externaltools.gnu-tools-for-stm32.9-2020-q2-update.win32_1.5.0.202011040924/tools/bin/../lib/gcc/arm-none-eabi/9.3.1/../../../../arm-none-eabi/lib/thumb/v7e-m+fp/hard\libc.a
LOAD g:/new folder/stm32cubeide_1.6.0/stm32cubeide/plugins/com.st.stm32cube.ide.mcu.externaltools.gnu-tools-for-stm32.9-2020-q2-update.win32_1.5.0.202011040924/tools/bin/../lib/gcc/arm-none-eabi/9.3.1/../../../../arm-none-eabi/lib/thumb/v7e-m+fp/hard\libm.a
LOAD g:/new folder/stm32cubeide_1.6.0/stm32cubeide/plugins/com.st.stm32cube.ide.mcu.externaltools.gnu-tools-for-stm32.9-2020-q2-update.win32_1.5.0.202011040924/tools/bin/../lib/gcc/arm-none-eabi/9.3.1/thumb/v7e-m+fp/hard\libgcc.a

.debug_info     0x0000000000000000      0xb2e
 .debug_info    0x0000000000000000      0x38d Src/GPIO_Program.o
 .debug_info    0x000000000000038d      0x1f5 Src/RCC_prog.o
 .debug_info    0x0000000000000582      0x15c Src/keypad.o
 .debug_info    0x00000000000006de      0x160 Src/main.o
 .debug_info    0x000000000000083e      0x2ce Src/usart_program.o
 .debug_info    0x0000000000000b0c       0x22 Startup/startup_stm32f401vetx.o

.debug_abbrev   0x0000000000000000      0x43d
 .debug_abbrev  0x0000000000000000       0xec Src/GPIO_Program.o
 .debug_abbrev  0x00000000000000ec       0xb4 Src/RCC_prog.o
 .debug_abbrev  0x00000000000001a0       0xcc Src/keypad.o
 .debug_abbrev  0x000000000000026c       0xb5 Src/main.o
 .debug_abbrev  0x0000000000000321      0x10a Src/usart_program.o
 .debug_abbrev  0x000000000000042b       0x12 Startup/startup_stm32f401vetx.o

.debug_aranges  0x0000000000000000      0x128
 .debug_aranges
                0x0000000000000000       0x48 Src/GPIO_Program.o
 .debug_aranges
                0x0000000000000048       0x30 Src/RCC_prog.o
 .debug_aranges
                0x0000000000000078       0x38 Src/keypad.o
 .debug_aranges
                0x00000000000000b0       0x20 Src/main.o
 .debug_aranges
                0x00000000000000d0       0x30 Src/usart_program.o
 .debug_aranges
                0x0000000000000100       0x28 Startup/startup_stm32f401vetx.o

.debug_ranges   0x0000000000000000       0xd0
 .debug_ranges  0x0000000000000000       0x38 Src/GPIO_Program.o
 .debug_ranges  0x0000000000000038       0x20 Src/RCC_prog.o
 .debug_ranges  0x0000000000000058       0x28 Src/keypad.o
 .debug_ranges  0x0000000000000080       0x10 Src/main.o
 .debug_ranges  0x0000000000000090       0x20 Src/usart_program.o
 .debug_ranges  0x00000000000000b0       0x20 Startup/startup_stm32f401vetx.o

.debug_macro    0x0000000000000000     0x1498
 .debug_macro   0x0000000000000000       0x3f Src/GPIO_Program.o
 .debug_macro   0x000000000000003f      0xaae Src/GPIO_Program.o
 .debug_macro   0x0000000000000aed       0x16 Src/GPIO_Program.o
 .debug_macro   0x0000000000000b03      0x1ba Src/GPIO_Program.o
 .debug_macro   0x0000000000000cbd       0x6a Src/GPIO_Program.o
 .debug_macro   0x0000000000000d27       0x46 Src/GPIO_Program.o
 .debug_macro   0x0000000000000d6d       0x49 Src/RCC_prog.o
 .debug_macro   0x0000000000000db6       0x16 Src/RCC_prog.o
 .debug_macro   0x0000000000000dcc       0xe8 Src/RCC_prog.o
 .debug_macro   0x0000000000000eb4       0x10 Src/RCC_prog.o
 .debug_macro   0x0000000000000ec4       0x48 Src/keypad.o
 .debug_macro   0x0000000000000f0c       0x1c Src/keypad.o
 .debug_macro   0x0000000000000f28       0x1c Src/keypad.o
 .debug_macro   0x0000000000000f44       0xae Src/main.o
 .debug_macro   0x0000000000000ff2       0x22 Src/main.o
 .debug_macro   0x0000000000001014       0x8e Src/main.o
 .debug_macro   0x00000000000010a2       0x51 Src/main.o
 .debug_macro   0x00000000000010f3      0x103 Src/main.o
 .debug_macro   0x00000000000011f6       0x6a Src/main.o
 .debug_macro   0x0000000000001260      0x1df Src/main.o
 .debug_macro   0x000000000000143f       0x49 Src/usart_program.o
 .debug_macro   0x0000000000001488       0x10 Src/usart_program.o

.debug_line     0x0000000000000000      0xd1c
 .debug_line    0x0000000000000000      0x46f Src/GPIO_Program.o
 .debug_line    0x000000000000046f      0x11d Src/RCC_prog.o
 .debug_line    0x000000000000058c      0x192 Src/keypad.o
 .debug_line    0x000000000000071e      0x45a Src/main.o
 .debug_line    0x0000000000000b78      0x120 Src/usart_program.o
 .debug_line    0x0000000000000c98       0x84 Startup/startup_stm32f401vetx.o

.debug_str      0x0000000000000000     0x57d4
 .debug_str     0x0000000000000000     0x3f00 Src/GPIO_Program.o
                                       0x3f98 (size before relaxing)
 .debug_str     0x0000000000003f00      0x8b9 Src/RCC_prog.o
                                       0x38d0 (size before relaxing)
 .debug_str     0x00000000000047b9      0x115 Src/keypad.o
                                       0x3dc7 (size before relaxing)
 .debug_str     0x00000000000048ce      0xde4 Src/main.o
                                       0x4707 (size before relaxing)
 .debug_str     0x00000000000056b2       0xc8 Src/usart_program.o
                                       0x332f (size before relaxing)
 .debug_str     0x000000000000577a       0x5a Startup/startup_stm32f401vetx.o

.comment        0x0000000000000000       0x53
 .comment       0x0000000000000000       0x53 Src/GPIO_Program.o
                                         0x54 (size before relaxing)
 .comment       0x0000000000000053       0x54 Src/RCC_prog.o
 .comment       0x0000000000000053       0x54 Src/keypad.o
 .comment       0x0000000000000053       0x54 Src/main.o
 .comment       0x0000000000000053       0x54 Src/usart_program.o

.debug_frame    0x0000000000000000      0x304
 .debug_frame   0x0000000000000000      0x100 Src/GPIO_Program.o
 .debug_frame   0x0000000000000100       0x88 Src/RCC_prog.o
 .debug_frame   0x0000000000000188       0xa4 Src/keypad.o
 .debug_frame   0x000000000000022c       0x30 Src/main.o
 .debug_frame   0x000000000000025c       0x7c Src/usart_program.o
 .debug_frame   0x00000000000002d8       0x2c g:/new folder/stm32cubeide_1.6.0/stm32cubeide/plugins/com.st.stm32cube.ide.mcu.externaltools.gnu-tools-for-stm32.9-2020-q2-update.win32_1.5.0.202011040924/tools/bin/../lib/gcc/arm-none-eabi/9.3.1/../../../../arm-none-eabi/lib/thumb/v7e-m+fp/hard\libc_nano.a(lib_a-init.o)
