EXTI_Program.c:23:6:EXTI_voidIntialize	4	static
EXTI_Program.c:36:6:EXTI_voidEnableLine	16	static
EXTI_Program.c:44:6:EXTI_voidDisableLine	16	static
EXTI_Program.c:52:6:EXTI_voidSoftwareInterruptTrigger	16	static
EXTI_Program.c:56:6:EXTI_voidSetSignalLatch	16	static
EXTI_Program.c:79:6:EXTI0_IRQHandler	8	static
EXTI_Program.c:84:6:EXTI1_IRQHandler	8	static
EXTI_Program.c:89:6:EXTI4_IRQHandler	8	static
EXTI_Program.c:94:6:EXTI9_5_IRQHandler	8	static
EXTI_Program.c:100:6:EXTI_voidSetCallBack	24	static
